swift-driver version: 1.120.5 Apple Swift version 6.1.2 (swiftlang-6.1.2.1.2 clang-1700.0.13.5)
Target: arm64-apple-macosx15.0
Building for debugging...
[0/7] /Users/runner/work/brochacho/brochacho/.build/arm64-apple-macosx/debug/BrochachoCorePackageTests.derived/runner.swift
[1/7] Write sources
[4/7] Write swift-version--79AA4F9932D1E87A.txt
[6/22] Emitting module BrochachoCore
[7/25] Compiling BrochachoCore Stores.swift
[8/25] Compiling BrochachoCore TextTools.swift
[9/25] Compiling BrochachoCore Tuner.swift
[10/25] Compiling BrochachoCore DefaultTunings.swift
[11/25] Compiling BrochachoCore Extras.swift
[12/25] Compiling BrochachoCore Feedback.swift
[13/25] Compiling BrochachoCore ActionPlan.swift
[14/25] Compiling BrochachoCore Ask.swift
[15/25] Compiling BrochachoCore Capture.swift
[16/25] Compiling BrochachoCore CaptureLog.swift
[17/25] Compiling BrochachoCore Catalog.swift
[18/25] Compiling BrochachoCore CatalogMigration.swift
[19/25] Compiling BrochachoCore Config.swift
[20/25] Compiling BrochachoCore DefaultCatalog.swift
[21/25] Compiling BrochachoCore Lines.swift
[22/25] Compiling BrochachoCore Matcher.swift
[23/25] Compiling BrochachoCore Stash.swift
[24/34] Compiling BrochachoCoreTests MatcherTests.swift
[25/34] Compiling BrochachoCoreTests StashTests.swift
[26/34] Emitting module BrochachoCoreTests
[27/34] Compiling BrochachoCoreTests CatalogMigrationTests.swift
[28/34] Compiling BrochachoCoreTests ConfigTests.swift
[29/34] Compiling BrochachoCoreTests CaptureLogTests.swift
[30/34] Compiling BrochachoCoreTests CaptureTests.swift
[31/34] Compiling BrochachoCoreTests ExtrasTests.swift
[32/34] Compiling BrochachoCoreTests LinesTests.swift
[33/36] Compiling BrochachoCoreTests Support.swift
[34/36] Compiling BrochachoCoreTests TunerTests.swift
[35/38] Emitting module BrochachoCorePackageTests
[36/38] Compiling BrochachoCorePackageTests runner.swift
[36/38] Write Objects.LinkFileList
[37/38] Linking BrochachoCorePackageTests
Build complete! (18.61s)
Test Suite 'All tests' started at 2026-09-30 16:27:59.318.
Test Suite 'BrochachoCorePackageTests.xctest' started at 2026-09-30 16:27:59.319.
Test Suite 'CaptureLogTests' started at 2026-09-30 16:27:59.319.
Test Case '-[BrochachoCoreTests.CaptureLogTests testExternalIDIsFilledInLater]' started.
Test Case '-[BrochachoCoreTests.CaptureLogTests testExternalIDIsFilledInLater]' passed (0.003 seconds).
Test Case '-[BrochachoCoreTests.CaptureLogTests testInstalledAppsSkipWhatTheCatalogAlreadyOpens]' started.
Test Case '-[BrochachoCoreTests.CaptureLogTests testInstalledAppsSkipWhatTheCatalogAlreadyOpens]' passed (0.001 seconds).
Test Case '-[BrochachoCoreTests.CaptureLogTests testRecentIsNewestFirstAndPerKind]' started.
Test Case '-[BrochachoCoreTests.CaptureLogTests testRecentIsNewestFirstAndPerKind]' passed (0.001 seconds).
Test Case '-[BrochachoCoreTests.CaptureLogTests testTheOldestFallOff]' started.
Test Case '-[BrochachoCoreTests.CaptureLogTests testTheOldestFallOff]' passed (0.000 seconds).
Test Case '-[BrochachoCoreTests.CaptureLogTests testTimerStopWords]' started.
Test Case '-[BrochachoCoreTests.CaptureLogTests testTimerStopWords]' passed (0.000 seconds).
Test Suite 'CaptureLogTests' passed at 2026-09-30 16:27:59.324.
	 Executed 5 tests, with 0 failures (0 unexpected) in 0.004 (0.004) seconds
Test Suite 'CaptureTests' started at 2026-09-30 16:27:59.324.
Test Case '-[BrochachoCoreTests.CaptureTests testEveryGoldenCase]' started.
Test Case '-[BrochachoCoreTests.CaptureTests testEveryGoldenCase]' passed (0.002 seconds).
Test Case '-[BrochachoCoreTests.CaptureTests testWallClockRoundTripsThroughARealTimeZone]' started.
Test Case '-[BrochachoCoreTests.CaptureTests testWallClockRoundTripsThroughARealTimeZone]' passed (0.000 seconds).
Test Suite 'CaptureTests' passed at 2026-09-30 16:27:59.326.
	 Executed 2 tests, with 0 failures (0 unexpected) in 0.003 (0.003) seconds
Test Suite 'CatalogMigrationTests' started at 2026-09-30 16:27:59.326.
Test Case '-[BrochachoCoreTests.CatalogMigrationTests testCustomEntriesAreUntouched]' started.
Test Case '-[BrochachoCoreTests.CatalogMigrationTests testCustomEntriesAreUntouched]' passed (0.000 seconds).
Test Case '-[BrochachoCoreTests.CatalogMigrationTests testDeletingABuiltinOnPurposeIsRespectedForever]' started.
Test Case '-[BrochachoCoreTests.CatalogMigrationTests testDeletingABuiltinOnPurposeIsRespectedForever]' passed (0.000 seconds).
Test Case '-[BrochachoCoreTests.CatalogMigrationTests testEveryGoldenCase]' started.
Test Case '-[BrochachoCoreTests.CatalogMigrationTests testEveryGoldenCase]' passed (0.001 seconds).
Test Case '-[BrochachoCoreTests.CatalogMigrationTests testStoreRoundTrips]' started.
Test Case '-[BrochachoCoreTests.CatalogMigrationTests testStoreRoundTrips]' passed (0.002 seconds).
Test Suite 'CatalogMigrationTests' passed at 2026-09-30 16:27:59.329.
	 Executed 4 tests, with 0 failures (0 unexpected) in 0.003 (0.003) seconds
Test Suite 'ConfigTests' started at 2026-09-30 16:27:59.329.
Test Case '-[BrochachoCoreTests.ConfigTests testABrokenConfigIsLeftAloneAndDefaultsAreUsed]' started.
Test Case '-[BrochachoCoreTests.ConfigTests testABrokenConfigIsLeftAloneAndDefaultsAreUsed]' passed (0.001 seconds).
Test Case '-[BrochachoCoreTests.ConfigTests testAMissingFileIsCreatedWithDefaults]' started.
Test Case '-[BrochachoCoreTests.ConfigTests testAMissingFileIsCreatedWithDefaults]' passed (0.002 seconds).
Test Case '-[BrochachoCoreTests.ConfigTests testAnOldAuroraConfigMovesToNocturneButANewOneIsKept]' started.
Test Case '-[BrochachoCoreTests.ConfigTests testAnOldAuroraConfigMovesToNocturneButANewOneIsKept]' passed (0.000 seconds).
Test Case '-[BrochachoCoreTests.ConfigTests testAPartialConfigKeepsDefaultsForEverythingElse]' started.
Test Case '-[BrochachoCoreTests.ConfigTests testAPartialConfigKeepsDefaultsForEverythingElse]' passed (0.001 seconds).
Test Case '-[BrochachoCoreTests.ConfigTests testColourParsing]' started.
Test Case '-[BrochachoCoreTests.ConfigTests testColourParsing]' passed (0.000 seconds).
Test Case '-[BrochachoCoreTests.ConfigTests testFeedbackAgreesWithTheReference]' started.
Test Case '-[BrochachoCoreTests.ConfigTests testFeedbackAgreesWithTheReference]' passed (0.000 seconds).
Test Case '-[BrochachoCoreTests.ConfigTests testProfilesAndTilde]' started.
Test Case '-[BrochachoCoreTests.ConfigTests testProfilesAndTilde]' passed (0.000 seconds).
Test Suite 'ConfigTests' passed at 2026-09-30 16:27:59.334.
	 Executed 7 tests, with 0 failures (0 unexpected) in 0.005 (0.005) seconds
Test Suite 'ExtrasTests' started at 2026-09-30 16:27:59.334.
Test Case '-[BrochachoCoreTests.ExtrasTests testBookmarksAgreeWithTheReference]' started.
Test Case '-[BrochachoCoreTests.ExtrasTests testBookmarksAgreeWithTheReference]' passed (0.002 seconds).
Test Case '-[BrochachoCoreTests.ExtrasTests testCountdown]' started.
Test Case '-[BrochachoCoreTests.ExtrasTests testCountdown]' passed (0.000 seconds).
Test Case '-[BrochachoCoreTests.ExtrasTests testDurationsAgreeWithTheReference]' started.
Test Case '-[BrochachoCoreTests.ExtrasTests testDurationsAgreeWithTheReference]' passed (0.001 seconds).
Test Case '-[BrochachoCoreTests.ExtrasTests testLivingFlagIsOnlyWrittenWhenOn]' started.
Test Case '-[BrochachoCoreTests.ExtrasTests testLivingFlagIsOnlyWrittenWhenOn]' passed (0.000 seconds).
Test Case '-[BrochachoCoreTests.ExtrasTests testMovingAnEntryKeepsEverythingElse]' started.
Test Case '-[BrochachoCoreTests.ExtrasTests testMovingAnEntryKeepsEverythingElse]' passed (0.000 seconds).
Test Case '-[BrochachoCoreTests.ExtrasTests testPhoneDates]' started.
Test Case '-[BrochachoCoreTests.ExtrasTests testPhoneDates]' passed (0.002 seconds).
Test Case '-[BrochachoCoreTests.ExtrasTests testPhoneFilesAgreeWithTheReference]' started.
Test Case '-[BrochachoCoreTests.ExtrasTests testPhoneFilesAgreeWithTheReference]' passed (0.003 seconds).
Test Case '-[BrochachoCoreTests.ExtrasTests testStoppingAndAddingTimeAgreeWithTheReference]' started.
Test Case '-[BrochachoCoreTests.ExtrasTests testStoppingAndAddingTimeAgreeWithTheReference]' passed (0.000 seconds).
Test Case '-[BrochachoCoreTests.ExtrasTests testURLParts]' started.
Test Case '-[BrochachoCoreTests.ExtrasTests testURLParts]' passed (0.000 seconds).
Test Suite 'ExtrasTests' passed at 2026-09-30 16:27:59.342.
	 Executed 9 tests, with 0 failures (0 unexpected) in 0.008 (0.008) seconds
Test Suite 'LinesTests' started at 2026-09-30 16:27:59.343.
Test Case '-[BrochachoCoreTests.LinesTests testAPoolOfOneStillWorksAndUnknownCategoriesGiveNothing]' started.
Test Case '-[BrochachoCoreTests.LinesTests testAPoolOfOneStillWorksAndUnknownCategoriesGiveNothing]' passed (0.000 seconds).
Test Case '-[BrochachoCoreTests.LinesTests testFrequencyZeroNeverSpeaks]' started.
Test Case '-[BrochachoCoreTests.LinesTests testFrequencyZeroNeverSpeaks]' passed (0.000 seconds).
Test Case '-[BrochachoCoreTests.LinesTests testGoldenPicks]' started.
Test Case '-[BrochachoCoreTests.LinesTests testGoldenPicks]' passed (0.001 seconds).
Test Case '-[BrochachoCoreTests.LinesTests testNeverRepeatsWithinTheLastFive]' started.
Test Case '-[BrochachoCoreTests.LinesTests testNeverRepeatsWithinTheLastFive]' passed (0.000 seconds).
Test Suite 'LinesTests' passed at 2026-09-30 16:27:59.344.
	 Executed 4 tests, with 0 failures (0 unexpected) in 0.002 (0.002) seconds
Test Suite 'MatcherTests' started at 2026-09-30 16:27:59.344.
Test Case '-[BrochachoCoreTests.MatcherTests testAskAgreesWithTheReference]' started.
Test Case '-[BrochachoCoreTests.MatcherTests testAskAgreesWithTheReference]' passed (0.002 seconds).
Test Case '-[BrochachoCoreTests.MatcherTests testAskNeverLeaksTheClipboardAndBuildsAValidBody]' started.
Test Case '-[BrochachoCoreTests.MatcherTests testAskNeverLeaksTheClipboardAndBuildsAValidBody]' passed (0.000 seconds).
Test Case '-[BrochachoCoreTests.MatcherTests testDefaultCatalogMatchesTheSharedJSON]' started.
Test Case '-[BrochachoCoreTests.MatcherTests testDefaultCatalogMatchesTheSharedJSON]' passed (0.001 seconds).
Test Case '-[BrochachoCoreTests.MatcherTests testEveryGoldenCase]' started.
Test Case '-[BrochachoCoreTests.MatcherTests testEveryGoldenCase]' passed (0.213 seconds).
Test Case '-[BrochachoCoreTests.MatcherTests testSearchURLs]' started.
Test Case '-[BrochachoCoreTests.MatcherTests testSearchURLs]' passed (0.005 seconds).
Test Case '-[BrochachoCoreTests.MatcherTests testTappingARowOpensThatRow]' started.
Test Case '-[BrochachoCoreTests.MatcherTests testTappingARowOpensThatRow]' passed (0.000 seconds).
Test Case '-[BrochachoCoreTests.MatcherTests testTextHelpers]' started.
Test Case '-[BrochachoCoreTests.MatcherTests testTextHelpers]' passed (0.000 seconds).
Test Suite 'MatcherTests' passed at 2026-09-30 16:27:59.566.
	 Executed 7 tests, with 0 failures (0 unexpected) in 0.222 (0.222) seconds
Test Suite 'StashTests' started at 2026-09-30 16:27:59.566.
Test Case '-[BrochachoCoreTests.StashTests testABrokenFileIsMovedAsideNotDeleted]' started.
Test Case '-[BrochachoCoreTests.StashTests testABrokenFileIsMovedAsideNotDeleted]' passed (0.002 seconds).
Test Case '-[BrochachoCoreTests.StashTests testAlternatesFreshAndOldAndNeverRepeats]' started.
Test Case '-[BrochachoCoreTests.StashTests testAlternatesFreshAndOldAndNeverRepeats]' passed (0.000 seconds).
Test Case '-[BrochachoCoreTests.StashTests testGoldenSession]' started.
Test Case '-[BrochachoCoreTests.StashTests testGoldenSession]' passed (0.000 seconds).
Test Case '-[BrochachoCoreTests.StashTests testSavingTheSameThingTwiceRefreshesIt]' started.
Test Case '-[BrochachoCoreTests.StashTests testSavingTheSameThingTwiceRefreshesIt]' passed (0.000 seconds).
Test Suite 'StashTests' passed at 2026-09-30 16:27:59.569.
	 Executed 4 tests, with 0 failures (0 unexpected) in 0.002 (0.003) seconds
Test Suite 'TunerTests' started at 2026-09-30 16:27:59.569.
Test Case '-[BrochachoCoreTests.TunerTests testASlackStringNeverReadsAsInTune]' started.
Test Case '-[BrochachoCoreTests.TunerTests testASlackStringNeverReadsAsInTune]' passed (0.000 seconds).
Test Case '-[BrochachoCoreTests.TunerTests testChromaticMode]' started.
Test Case '-[BrochachoCoreTests.TunerTests testChromaticMode]' passed (0.000 seconds).
Test Case '-[BrochachoCoreTests.TunerTests testCleanPlucksLandWithinOneAndAHalfCents]' started.
Test Case '-[BrochachoCoreTests.TunerTests testCleanPlucksLandWithinOneAndAHalfCents]' passed (33.906 seconds).
Test Case '-[BrochachoCoreTests.TunerTests testDefaultTuningsMatchTheSharedJSON]' started.
Test Case '-[BrochachoCoreTests.TunerTests testDefaultTuningsMatchTheSharedJSON]' passed (0.002 seconds).
Test Case '-[BrochachoCoreTests.TunerTests testEveryStringLockingIsAnnouncedExactlyOnce]' started.
Test Case '-[BrochachoCoreTests.TunerTests testEveryStringLockingIsAnnouncedExactlyOnce]' passed (0.000 seconds).
Test Case '-[BrochachoCoreTests.TunerTests testLaptopMicPlucksAt48kLandWithinThreeCents]' started.
Test Case '-[BrochachoCoreTests.TunerTests testLaptopMicPlucksAt48kLandWithinThreeCents]' passed (12.383 seconds).
Test Case '-[BrochachoCoreTests.TunerTests testNotes]' started.
Test Case '-[BrochachoCoreTests.TunerTests testNotes]' passed (0.001 seconds).
Test Case '-[BrochachoCoreTests.TunerTests testSessionAgreesWithTheReference]' started.
Test Case '-[BrochachoCoreTests.TunerTests testSessionAgreesWithTheReference]' passed (0.001 seconds).
Test Case '-[BrochachoCoreTests.TunerTests testSilenceAndShortBuffersGiveNothing]' started.
Test Case '-[BrochachoCoreTests.TunerTests testSilenceAndShortBuffersGiveNothing]' passed (0.394 seconds).
Test Case '-[BrochachoCoreTests.TunerTests testStringMatchingAgreesWithTheReference]' started.
Test Case '-[BrochachoCoreTests.TunerTests testStringMatchingAgreesWithTheReference]' passed (0.001 seconds).
Test Suite 'TunerTests' passed at 2026-09-30 16:28:46.257.
	 Executed 10 tests, with 0 failures (0 unexpected) in 46.688 (46.688) seconds
Test Suite 'BrochachoCorePackageTests.xctest' passed at 2026-09-30 16:28:46.257.
	 Executed 52 tests, with 0 failures (0 unexpected) in 46.936 (46.938) seconds
Test Suite 'All tests' passed at 2026-09-30 16:28:46.257.
	 Executed 52 tests, with 0 failures (0 unexpected) in 46.936 (46.939) seconds
◇ Test run started.
↳ Testing Library Version: 124.4
↳ Target Platform: arm64e-apple-macos14.0
✔ Test run with 0 tests passed after 0.001 seconds.
