v22.23.2
TAP version 13
# Subtest: reminders: reading what he meant
ok 1 - reminders: reading what he meant
  ---
  duration_ms: 8.100291
  type: 'test'
  ...
# Subtest: reminders: a day that is named wins over "it already passed"
ok 2 - reminders: a day that is named wins over "it already passed"
  ---
  duration_ms: 0.124042
  type: 'test'
  ...
# Subtest: reminders: saying it back
ok 3 - reminders: saying it back
  ---
  duration_ms: 0.158833
  type: 'test'
  ...
# Subtest: write capture fixtures
ok 4 - write capture fixtures
  ---
  duration_ms: 0.710416
  type: 'test'
  ...
# Subtest: matcher: every hand-written case
ok 5 - matcher: every hand-written case
  ---
  duration_ms: 30.84725
  type: 'test'
  ...
# Subtest: matcher: empty input lists the most used things
ok 6 - matcher: empty input lists the most used things
  ---
  duration_ms: 0.774125
  type: 'test'
  ...
# Subtest: plan: sites, apps, paths and searches
ok 7 - plan: sites, apps, paths and searches
  ---
  duration_ms: 0.772458
  type: 'test'
  ...
# Subtest: ask: what gets sent, and how the answer is split
ok 8 - ask: what gets sent, and how the answer is split
  ---
  duration_ms: 0.458375
  type: 'test'
  ...
# Subtest: stash: alternates fresh and old, never repeats an opened item
ok 9 - stash: alternates fresh and old, never repeats an opened item
  ---
  duration_ms: 0.227958
  type: 'test'
  ...
# Subtest: stash: rng picks inside the bucket
ok 10 - stash: rng picks inside the bucket
  ---
  duration_ms: 0.062875
  type: 'test'
  ...
# Subtest: stash: "another" un-opens, counts the skip, and moves on
ok 11 - stash: "another" un-opens, counts the skip, and moves on
  ---
  duration_ms: 0.192375
  type: 'test'
  ...
# Subtest: stash: "another" with a single item serves that item again rather than nothing
ok 12 - stash: "another" with a single item serves that item again rather than nothing
  ---
  duration_ms: 0.054708
  type: 'test'
  ...
# Subtest: stash: things skipped three times go to the back
ok 13 - stash: things skipped three times go to the back
  ---
  duration_ms: 0.245625
  type: 'test'
  ...
# Subtest: stash: saving the same thing twice refreshes it
ok 14 - stash: saving the same thing twice refreshes it
  ---
  duration_ms: 0.321791
  type: 'test'
  ...
# Subtest: lines: never repeats within the last five
ok 15 - lines: never repeats within the last five
  ---
  duration_ms: 0.260083
  type: 'test'
  ...
# Subtest: lines: target lines win 60% of the time and rng order is fixed
ok 16 - lines: target lines win 60% of the time and rng order is fixed
  ---
  duration_ms: 0.068667
  type: 'test'
  ...
# Subtest: lines: a pool of one still works, an unknown category gives null
ok 17 - lines: a pool of one still works, an unknown category gives null
  ---
  duration_ms: 0.047833
  type: 'test'
  ...
# Subtest: lines: frequency 0 never speaks but still returns the text
ok 18 - lines: frequency 0 never speaks but still returns the text
  ---
  duration_ms: 0.037
  type: 'test'
  ...
# Subtest: feedback: every sound it names exists as a file
ok 19 - feedback: every sound it names exists as a file
  ---
  duration_ms: 0.273292
  type: 'test'
  ...
# Subtest: write golden fixtures
ok 20 - write golden fixtures
  ---
  duration_ms: 8.826542
  type: 'test'
  ...
# Subtest: timer: reading durations
ok 21 - timer: reading durations
  ---
  duration_ms: 1.5265
  type: 'test'
  ...
# Subtest: timer: counting down and formatting
ok 22 - timer: counting down and formatting
  ---
  duration_ms: 0.872458
  type: 'test'
  ...
# Subtest: timer: words that mean stop
ok 23 - timer: words that mean stop
  ---
  duration_ms: 0.313416
  type: 'test'
  ...
# Subtest: timer: adding time
ok 24 - timer: adding time
  ---
  duration_ms: 0.090167
  type: 'test'
  ...
# Subtest: bookmarks: only living entries move, and only when it is clear which one
ok 25 - bookmarks: only living entries move, and only when it is clear which one
  ---
  duration_ms: 0.548667
  type: 'test'
  ...
# Subtest: bookmarks: url parts
ok 26 - bookmarks: url parts
  ---
  duration_ms: 0.072208
  type: 'test'
  ...
# Subtest: iphone: reading the phone files
ok 27 - iphone: reading the phone files
  ---
  duration_ms: 0.241958
  type: 'test'
  ...
# Subtest: iphone: folding the phone into the stash, again and again, without duplicates
ok 28 - iphone: folding the phone into the stash, again and again, without duplicates
  ---
  duration_ms: 1.092875
  type: 'test'
  ...
# Subtest: write extras fixtures
ok 29 - write extras fixtures
  ---
  duration_ms: 1.292458
  type: 'test'
  ...
#     worst clean error: 0.225 cents over 32 notes
#     worst laptop-mic error: 0.172 cents
# Subtest: notes: names, numbers and frequencies
ok 30 - notes: names, numbers and frequencies
  ---
  duration_ms: 1.581
  type: 'test'
  ...
# Subtest: tunings: every preset reads cleanly
ok 31 - tunings: every preset reads cleanly
  ---
  duration_ms: 0.3125
  type: 'test'
  ...
# Subtest: detect: clean plucks land within 1.5 cents, for every string of every tuning
ok 32 - detect: clean plucks land within 1.5 cents, for every string of every tuning
  ---
  duration_ms: 730.454583
  type: 'test'
  ...
# Subtest: detect: a laptop-mic pluck (weak fundamental, hiss) still lands within 3 cents
ok 33 - detect: a laptop-mic pluck (weak fundamental, hiss) still lands within 3 cents
  ---
  duration_ms: 245.112125
  type: 'test'
  ...
# Subtest: detect: silence and hiss give nothing
ok 34 - detect: silence and hiss give nothing
  ---
  duration_ms: 4.225
  type: 'test'
  ...
# Subtest: strings: nearest string, honest about how far off it is
ok 35 - strings: nearest string, honest about how far off it is
  ---
  duration_ms: 0.329792
  type: 'test'
  ...
# Subtest: session: smooths, locks after a steady moment, holds briefly, then idles
ok 36 - session: smooths, locks after a steady moment, holds briefly, then idles
  ---
  duration_ms: 0.5635
  type: 'test'
  ...
# Subtest: session: says so once when every string has locked, and only once
ok 37 - session: says so once when every string has locked, and only once
  ---
  duration_ms: 0.27975
  type: 'test'
  ...
# Subtest: write tuner fixtures
ok 38 - write tuner fixtures
  ---
  duration_ms: 1.030375
  type: 'test'
  ...
1..38
# tests 38
# suites 0
# pass 38
# fail 0
# cancelled 0
# skipped 0
# todo 0
# duration_ms 1079.604083
